==================================================
  课本插图 → 动态教学视频生成器
==================================================
✅ 使用字体: C:/Windows/Fonts/msyh.ttc
✅ 背景预生成完成
✅ 元素裁剪完成：太阳1个，鸟儿9只，蝴蝶10只，跳跃小熊1个

🎬 开始渲染 750 帧...
  10% (75/750)
  20% (150/750)
  30% (225/750)
  40% (300/750)
  50% (375/750)
  60% (450/750)
  70% (525/750)
  80% (600/750)
  90% (675/750)
  100% (750/750)

🔧 合成MP4...

==================================================
  ✅ 成功！动态课件.mp4
  📊 大小: 2.04 MB
  ⏱️  时长: 25秒
==================================================
